<html>
<body>
<pre>
<h1>µVision Build Log</h1>
<h2>Project:</h2>
C:\Keil\ValvanoWareTM4C123\Lab_2\ADCSWTrigger.uvproj
Project File Date:  09/15/2019

<h2>Output:</h2>
Rebuild target 'ADCSWTrigger'
assembling startup.s...
compiling ADCSWTrigger.c...
compiling ADCTestMain.c...
compiling PLL.c...
compiling ST7735_PortD.c...
compiling ST7735.c...
linking...
Program Size: Code=3488 RO-data=2052 RW-data=64 ZI-data=29504  
".\ADCSWTrigger.axf" - 0 Error(s), 0 Warning(s).
</pre>
</body>
</html>
ear (referred from adctestmain.o).
.\ADCSWTrigger.axf: Error: L6218E: Undefined symbol ST7735_PlotNext (referred from adctestmain.o).
Not enough information to list image symbols.
Finished: 1 information, 0 warning and 3 error messages.
".\ADCSWTrigger.axf" - 3 Error(s), 0 Warning(s).
Target not created
Error: Could not load file 'C:\Keil\ValvanoWareTM4C123\Lab_2\ADCSWTrigger.axf'. Debugger aborted !
